Database initialized at: /home/junior/src/fibonacci/stock-analyzer-web/stock-data.db
Stock Analyzer v2.0
===================

Server running at http://localhost:7070/

Press Ctrl+C to stop
Saved 1253 performance data points for sector Communication Services
Saved 1255 performance data points for Information Technology|Application Software
Saved 1253 performance data points for Utilities|Independent Power Producers & Energy Traders
Saved 1253 performance data points for Communication Services|Interactive Media & Services
Saved 1255 performance data points for Utilities|Multi-Utilities
Saved 1253 performance data points for Utilities|Water Utilities
Saved 1255 performance data points for Information Technology|Electronic Components
Saved 1253 performance data points for Information Technology|Technology Hardware, Storage & Peripherals
Saved 1255 performance data points for Information Technology|Communications Equipment
Saved 1254 performance data points for Communication Services|Integrated Telecommunication Services
Saved 1254 performance data points for Utilities|Gas Utilities
Saved 1254 performance data points for Materials|Metal, Glass & Plastic Containers
Saved 1254 performance data points for Information Technology|Technology Distributors
Saved 1254 performance data points for Communication Services|Cable & Satellite
Saved 1254 performance data points for Energy|Integrated Oil & Gas
Saved 1254 performance data points for Information Technology|Systems Software
Saved 1254 performance data points for Consumer Discretionary|Footwear
Saved 1253 performance data points for Real Estate|Data Center REITs
Saved 1253 performance data points for Communication Services|Interactive Home Entertainment
Saved 1253 performance data points for Consumer Discretionary|Automobile Manufacturers
Saved 1254 performance data points for Communication Services|Broadcasting
Saved 1255 performance data points for Real Estate|Health Care REITs
Saved 1254 performance data points for Communication Services|Advertising
Saved 1253 performance data points for Communication Services|Movies & Entertainment
Saved 1253 performance data points for Consumer Discretionary|Apparel, Accessories & Luxury Goods
Saved 1253 performance data points for Communication Services|Publishing
Saved 1254 performance data points for Materials|Steel
Saved 1254 performance data points for Consumer Discretionary|Apparel Retail
Saved 1254 performance data points for Communication Services|Wireless Telecommunication Services
Saved 1253 performance data points for Industrials|Passenger Ground Transportation
Saved 1253 performance data points for sector Communication Services
Saved 1255 performance data points for Information Technology|Application Software
Saved 1253 performance data points for Utilities|Independent Power Producers & Energy Traders
Saved 1253 performance data points for Communication Services|Interactive Media & Services
Saved 1255 performance data points for Utilities|Multi-Utilities
Saved 1253 performance data points for Utilities|Water Utilities
Saved 1255 performance data points for Information Technology|Electronic Components
Saved 1253 performance data points for Information Technology|Technology Hardware, Storage & Peripherals
Saved 1255 performance data points for Information Technology|Communications Equipment
Saved 1254 performance data points for Communication Services|Integrated Telecommunication Services
Saved 1254 performance data points for Utilities|Gas Utilities
Saved 1254 performance data points for Materials|Metal, Glass & Plastic Containers
Saved 1254 performance data points for Information Technology|Technology Distributors
Saved 1254 performance data points for Communication Services|Cable & Satellite
Saved 1254 performance data points for Energy|Integrated Oil & Gas
Saved 1254 performance data points for Information Technology|Systems Software
Saved 1254 performance data points for Consumer Discretionary|Footwear
Saved 1253 performance data points for Real Estate|Data Center REITs
Saved 1253 performance data points for Communication Services|Interactive Home Entertainment
Saved 1253 performance data points for Consumer Discretionary|Automobile Manufacturers
Saved 1254 performance data points for Communication Services|Broadcasting
Saved 1255 performance data points for Real Estate|Health Care REITs
Saved 1254 performance data points for Communication Services|Advertising
Saved 1253 performance data points for Communication Services|Movies & Entertainment
Saved 1253 performance data points for Consumer Discretionary|Apparel, Accessories & Luxury Goods
Saved 1253 performance data points for Communication Services|Publishing
Saved 1254 performance data points for Materials|Steel
Saved 1254 performance data points for Consumer Discretionary|Apparel Retail
Saved 1254 performance data points for Communication Services|Wireless Telecommunication Services
Saved 1253 performance data points for Industrials|Passenger Ground Transportation
Saved 1253 performance data points for sector Communication Services
Saved 1255 performance data points for Information Technology|Application Software
Saved 1253 performance data points for Utilities|Independent Power Producers & Energy Traders
Saved 1253 performance data points for Communication Services|Interactive Media & Services
Saved 1255 performance data points for Utilities|Multi-Utilities
Saved 1253 performance data points for Utilities|Water Utilities
Saved 1255 performance data points for Information Technology|Electronic Components
Saved 1253 performance data points for Information Technology|Technology Hardware, Storage & Peripherals
Saved 1255 performance data points for Information Technology|Communications Equipment
Saved 1254 performance data points for Communication Services|Integrated Telecommunication Services
Saved 1254 performance data points for Utilities|Gas Utilities
Saved 1254 performance data points for Materials|Metal, Glass & Plastic Containers
Saved 1254 performance data points for Information Technology|Technology Distributors
Saved 1254 performance data points for Communication Services|Cable & Satellite
Saved 1254 performance data points for Energy|Integrated Oil & Gas
Saved 1254 performance data points for Information Technology|Systems Software
Saved 1254 performance data points for Consumer Discretionary|Footwear
Saved 1253 performance data points for Real Estate|Data Center REITs
Saved 1253 performance data points for Communication Services|Interactive Home Entertainment
Saved 1253 performance data points for Consumer Discretionary|Automobile Manufacturers
Saved 1254 performance data points for Communication Services|Broadcasting
Saved 1255 performance data points for Real Estate|Health Care REITs
Saved 1254 performance data points for Communication Services|Advertising
Saved 1253 performance data points for Communication Services|Movies & Entertainment
Saved 1253 performance data points for Consumer Discretionary|Apparel, Accessories & Luxury Goods
Saved 1253 performance data points for Communication Services|Publishing
Saved 1254 performance data points for Materials|Steel
Saved 1254 performance data points for Consumer Discretionary|Apparel Retail
Saved 1254 performance data points for Communication Services|Wireless Telecommunication Services
Saved 1253 performance data points for Industrials|Passenger Ground Transportation
Saved 1253 performance data points for sector Communication Services
Saved 1255 performance data points for Information Technology|Application Software
Saved 1253 performance data points for Utilities|Independent Power Producers & Energy Traders
Saved 1253 performance data points for Communication Services|Interactive Media & Services
Saved 1255 performance data points for Utilities|Multi-Utilities
Saved 1253 performance data points for Utilities|Water Utilities
Saved 1255 performance data points for Information Technology|Electronic Components
Saved 1253 performance data points for Information Technology|Technology Hardware, Storage & Peripherals
Saved 1255 performance data points for Information Technology|Communications Equipment
Saved 1254 performance data points for Communication Services|Integrated Telecommunication Services
Saved 1254 performance data points for Utilities|Gas Utilities
Saved 1254 performance data points for Materials|Metal, Glass & Plastic Containers
Saved 1254 performance data points for Information Technology|Technology Distributors
Saved 1254 performance data points for Communication Services|Cable & Satellite
Saved 1254 performance data points for Energy|Integrated Oil & Gas
Saved 1254 performance data points for Information Technology|Systems Software
Saved 1254 performance data points for Consumer Discretionary|Footwear
Saved 1253 performance data points for Real Estate|Data Center REITs
Saved 1253 performance data points for Communication Services|Interactive Home Entertainment
Saved 1253 performance data points for Consumer Discretionary|Automobile Manufacturers
Saved 1254 performance data points for Communication Services|Broadcasting
Saved 1255 performance data points for Real Estate|Health Care REITs
Saved 1254 performance data points for Communication Services|Advertising
Saved 1253 performance data points for Communication Services|Movies & Entertainment
Saved 1253 performance data points for Consumer Discretionary|Apparel, Accessories & Luxury Goods
Saved 1253 performance data points for Communication Services|Publishing
Saved 1254 performance data points for Materials|Steel
Saved 1254 performance data points for Consumer Discretionary|Apparel Retail
Saved 1254 performance data points for Communication Services|Wireless Telecommunication Services
Saved 1253 performance data points for Industrials|Passenger Ground Transportation
Saved 1254 daily candles for ACN
Saved company overview for ACN
Saved 8 income statements for ACN
Saved 1234 daily candles for ABNB
Saved company overview for ABNB
Saved 8 income statements for ABNB
